$ ./network.sh deployCC -c inventario -ccn inventario -ccp "$CHAINCODE_PATH" -ccl typescript -ccep "AND('Org1MSP.peer','Org2MSP.peer')"
Using docker and docker compose
deploying chaincode on channel 'inventario'
executing with the following
- CHANNEL_NAME: inventario
- CC_NAME: inventario
- CC_SRC_PATH: /root/fabric-labs/inventario-ts
- CC_SRC_LANGUAGE: typescript
- CC_VERSION: 1.0
- CC_SEQUENCE: auto
- CC_END_POLICY: AND('Org1MSP.peer','Org2MSP.peer')
- CC_COLL_CONFIG: NA
- CC_INIT_FCN: NA
- DELAY: 3
- MAX_RETRY: 5
- VERBOSE: false
executing with the following
- CC_NAME: inventario
- CC_SRC_PATH: /root/fabric-labs/inventario-ts
- CC_SRC_LANGUAGE: typescript
- CC_VERSION: 1.0
Compiling TypeScript code into JavaScript...
~/fabric-labs/inventario-ts ~/fabric-labs/fabric-samples/test-network

up to date, audited 83 packages in 436ms

6 packages are looking for funding
  run `npm fund` for details

found 0 vulnerabilities

> inventario@1.0.0 build
> tsc

~/fabric-labs/fabric-samples/test-network
Finished compiling TypeScript code into JavaScript
+ '[' false = true ']'
+ peer lifecycle chaincode package inventario.tar.gz --path /root/fabric-labs/inventario-ts --lang node --label inventario_1.0
+ res=0
Chaincode is packaged
Installing chaincode on peer0.org1...
Using organization 1
+ peer lifecycle chaincode queryinstalled --output json
+ jq -r 'try (.installed_chaincodes[].package_id)'
+ grep '^inventario_1.0:fe4a268ca1a47cc5576907bf808d1ad2167b18bf950c8c65058cb7f6a6a9389f$'
+ test 1 -ne 0
+ peer lifecycle chaincode install inventario.tar.gz
+ res=0
2026-10-08 12:12:40.124 UTC 0001 INFO [cli.lifecycle.chaincode] submitInstallProposal -> Installed remotely: response:<status:200 payload:"\nOinventario_1.0:fe4a268ca1a47cc5576907bf808d1ad2167b18bf950c8c65058cb7f6a6a9389f\022\016inventario_1.0" > 
2026-10-08 12:12:40.124 UTC 0002 INFO [cli.lifecycle.chaincode] submitInstallProposal -> Chaincode code package identifier: inventario_1.0:fe4a268ca1a47cc5576907bf808d1ad2167b18bf950c8c65058cb7f6a6a9389f
Chaincode is installed on peer0.org1
Install chaincode on peer0.org2...
Using organization 2
+ peer lifecycle chaincode queryinstalled --output json
+ jq -r 'try (.installed_chaincodes[].package_id)'
+ grep '^inventario_1.0:fe4a268ca1a47cc5576907bf808d1ad2167b18bf950c8c65058cb7f6a6a9389f$'
+ test 1 -ne 0
+ peer lifecycle chaincode install inventario.tar.gz
+ res=0
2026-10-08 12:12:49.771 UTC 0001 INFO [cli.lifecycle.chaincode] submitInstallProposal -> Installed remotely: response:<status:200 payload:"\nOinventario_1.0:fe4a268ca1a47cc5576907bf808d1ad2167b18bf950c8c65058cb7f6a6a9389f\022\016inventario_1.0" > 
2026-10-08 12:12:49.771 UTC 0002 INFO [cli.lifecycle.chaincode] submitInstallProposal -> Chaincode code package identifier: inventario_1.0:fe4a268ca1a47cc5576907bf808d1ad2167b18bf950c8c65058cb7f6a6a9389f
Chaincode is installed on peer0.org2
++ peer lifecycle chaincode querycommitted --channelID inventario --name inventario
++ sed -n '/Version:/{s/.*Sequence: //; s/, Endorsement Plugin:.*$//; p;}'
Error: query failed with status: 404 - namespace inventario is not defined
+ COMMITTED_CC_SEQUENCE=
+ res=0
Using organization 1
+ peer lifecycle chaincode queryinstalled --output json
+ jq -r 'try (.installed_chaincodes[].package_id)'
+ grep '^inventario_1.0:fe4a268ca1a47cc5576907bf808d1ad2167b18bf950c8c65058cb7f6a6a9389f$'
+ res=0
inventario_1.0:fe4a268ca1a47cc5576907bf808d1ad2167b18bf950c8c65058cb7f6a6a9389f
Query installed successful on peer0.org1 on channel
Using organization 1
+ peer lifecycle chaincode approveformyorg -o localhost:7050 --ordererTLSHostnameOverride orderer.example.com --tls --cafile /root/fabric-labs/fabric-samples/test-network/organizations/ordererOrganizations/example.com/tlsca/tlsca.example.com-cert.pem --channelID inventario --name inventario --version 1.0 --package-id inventario_1.0:fe4a268ca1a47cc5576907bf808d1ad2167b18bf950c8c65058cb7f6a6a9389f --sequence 1 --signature-policy 'AND('\''Org1MSP.peer'\'','\''Org2MSP.peer'\'')'
+ res=0
2026-10-08 12:12:52.154 UTC 0001 INFO [chaincodeCmd] ClientWait -> txid [9e95142631a4990e7cf78d21c148948dcc3ab95aaee54f2a4bc11d5c03131bfb] committed with status (VALID) at localhost:7051
Chaincode definition approved on peer0.org1 on channel 'inventario'
Using organization 1
Checking the commit readiness of the chaincode definition on peer0.org1 on channel 'inventario'...
Attempting to check the commit readiness of the chaincode definition on peer0.org1, Retry after 3 seconds.
+ peer lifecycle chaincode checkcommitreadiness --channelID inventario --name inventario --version 1.0 --sequence 1 --signature-policy 'AND('\''Org1MSP.peer'\'','\''Org2MSP.peer'\'')' --output json
+ res=0
{
	"approvals": {
		"Org1MSP": true,
		"Org2MSP": false
	}
}
Checking the commit readiness of the chaincode definition successful on peer0.org1 on channel 'inventario'
Using organization 2
Checking the commit readiness of the chaincode definition on peer0.org2 on channel 'inventario'...
Attempting to check the commit readiness of the chaincode definition on peer0.org2, Retry after 3 seconds.
+ peer lifecycle chaincode checkcommitreadiness --channelID inventario --name inventario --version 1.0 --sequence 1 --signature-policy 'AND('\''Org1MSP.peer'\'','\''Org2MSP.peer'\'')' --output json
+ res=0
{
	"approvals": {
		"Org1MSP": true,
		"Org2MSP": false
	}
}
Checking the commit readiness of the chaincode definition successful on peer0.org2 on channel 'inventario'
Using organization 2
+ peer lifecycle chaincode approveformyorg -o localhost:7050 --ordererTLSHostnameOverride orderer.example.com --tls --cafile /root/fabric-labs/fabric-samples/test-network/organizations/ordererOrganizations/example.com/tlsca/tlsca.example.com-cert.pem --channelID inventario --name inventario --version 1.0 --package-id inventario_1.0:fe4a268ca1a47cc5576907bf808d1ad2167b18bf950c8c65058cb7f6a6a9389f --sequence 1 --signature-policy 'AND('\''Org1MSP.peer'\'','\''Org2MSP.peer'\'')'
+ res=0
2026-10-08 12:13:00.550 UTC 0001 INFO [chaincodeCmd] ClientWait -> txid [57b04f7f0159c7e29a5186b9c6ea3d947869770d1cb5245058bf4ab7c9b7cfa4] committed with status (VALID) at localhost:9051
Chaincode definition approved on peer0.org2 on channel 'inventario'
Using organization 1
Checking the commit readiness of the chaincode definition on peer0.org1 on channel 'inventario'...
Attempting to check the commit readiness of the chaincode definition on peer0.org1, Retry after 3 seconds.
+ peer lifecycle chaincode checkcommitreadiness --channelID inventario --name inventario --version 1.0 --sequence 1 --signature-policy 'AND('\''Org1MSP.peer'\'','\''Org2MSP.peer'\'')' --output json
+ res=0
{
	"approvals": {
		"Org1MSP": true,
		"Org2MSP": true
	}
}
Checking the commit readiness of the chaincode definition successful on peer0.org1 on channel 'inventario'
Using organization 2
Checking the commit readiness of the chaincode definition on peer0.org2 on channel 'inventario'...
Attempting to check the commit readiness of the chaincode definition on peer0.org2, Retry after 3 seconds.
+ peer lifecycle chaincode checkcommitreadiness --channelID inventario --name inventario --version 1.0 --sequence 1 --signature-policy 'AND('\''Org1MSP.peer'\'','\''Org2MSP.peer'\'')' --output json
+ res=0
{
	"approvals": {
		"Org1MSP": true,
		"Org2MSP": true
	}
}
Checking the commit readiness of the chaincode definition successful on peer0.org2 on channel 'inventario'
Using organization 1
Using organization 2
+ peer lifecycle chaincode commit -o localhost:7050 --ordererTLSHostnameOverride orderer.example.com --tls --cafile /root/fabric-labs/fabric-samples/test-network/organizations/ordererOrganizations/example.com/tlsca/tlsca.example.com-cert.pem --channelID inventario --name inventario --peerAddresses localhost:7051 --tlsRootCertFiles /root/fabric-labs/fabric-samples/test-network/organizations/peerOrganizations/org1.example.com/tlsca/tlsca.org1.example.com-cert.pem --peerAddresses localhost:9051 --tlsRootCertFiles /root/fabric-labs/fabric-samples/test-network/organizations/peerOrganizations/org2.example.com/tlsca/tlsca.org2.example.com-cert.pem --version 1.0 --sequence 1 --signature-policy 'AND('\''Org1MSP.peer'\'','\''Org2MSP.peer'\'')'
+ res=0
2026-10-08 12:13:08.888 UTC 0001 INFO [chaincodeCmd] ClientWait -> txid [a53126326874ff03439895c0d900069889e06bfc1b7cd404cd900c47ade2cd6a] committed with status (VALID) at localhost:9051
2026-10-08 12:13:08.888 UTC 0002 INFO [chaincodeCmd] ClientWait -> txid [a53126326874ff03439895c0d900069889e06bfc1b7cd404cd900c47ade2cd6a] committed with status (VALID) at localhost:7051
Chaincode definition committed on channel 'inventario'
Using organization 1
Querying chaincode definition on peer0.org1 on channel 'inventario'...
Attempting to Query committed status on peer0.org1, Retry after 3 seconds.
+ peer lifecycle chaincode querycommitted --channelID inventario --name inventario
+ res=0
Committed chaincode definition for chaincode 'inventario' on channel 'inventario':
Version: 1.0, Sequence: 1, Endorsement Plugin: escc, Validation Plugin: vscc, Approvals: [Org1MSP: true, Org2MSP: true]
Query chaincode definition successful on peer0.org1 on channel 'inventario'
Using organization 2
Querying chaincode definition on peer0.org2 on channel 'inventario'...
Attempting to Query committed status on peer0.org2, Retry after 3 seconds.
+ peer lifecycle chaincode querycommitted --channelID inventario --name inventario
+ res=0
Committed chaincode definition for chaincode 'inventario' on channel 'inventario':
Version: 1.0, Sequence: 1, Endorsement Plugin: escc, Validation Plugin: vscc, Approvals: [Org1MSP: true, Org2MSP: true]
Query chaincode definition successful on peer0.org2 on channel 'inventario'
Chaincode initialization is not required
